// Jest Snapshot v1, https://goo.gl/fbAQLP

exports[`<Main/> should render the header 1`] = `
<main>
  <h1>
    React Next Boilerplate
  </h1>
</main>
`;
